                            2025                             
      January              February              March         
Su Mo Tu We Th Fr Sa  Su Mo Tu We Th Fr Sa  Su Mo Tu We Th Fr Sa  
          1  2 WE WE                    WE                    WE  
 5  6  7  8  9 WE WE   2  3  4  5  6 WE WE   2  3  4  5  6 WE WE  
12 13 14 15 16 WE WE   9 10 11 12 13 WE WE   9 10 11 12 13 WE WE  
19 20 21 22 23 WE WE  16 17 18 19 20 WE WE  16 17 18 19 20 WE WE  
26 27 28 29 30 WE     23 24 25 26 27 WE     23 24 25 26 27 WE WE  
                        30 31                                     

       April                 May                  June         
Su Mo Tu We Th Fr Sa  Su Mo Tu We Th Fr Sa  Su Mo Tu We Th Fr Sa  
       1  2  3 WE WE               1 WE WE   1  2  3  4  5 WE WE  
 6  7  8  9 10 WE WE   4  5  6  7  8 WE WE   8  9 10 11 12 WE WE  
13 14 15 16 17 WE WE  11 12 13 14 15 WE WE  15 16 17 18 19 WE WE  
20 21 22 23 24 WE WE  18 19 20 21 22 WE WE  22 23 24 25 26 WE WE  
27 28 29 30           25 26 27 28 29 WE WE  29 30                 
                                                                  

        July                August             September       
Su Mo Tu We Th Fr Sa  Su Mo Tu We Th Fr Sa  Su Mo Tu We Th Fr Sa  
       1  2  3 WE WE                 WE WE      1  2  3  4 WE WE  
 6  7  8  9 10 WE WE   3  4  5  6  7 WE WE   7  8  9 10 11 WE WE  
13 14 15 16 17 WE WE  10 11 12 13 14 WE WE  14 15 16 17 18 WE WE  
20 21 22 23 24 WE WE  17 18 19 20 21 WE WE  21 22 23 24 25 WE WE  
27 28 29 30 31        24 25 26 27 28 WE WE  28 29 30              
                      31                                          

      October              November             December       
Su Mo Tu We Th Fr Sa  Su Mo Tu We Th Fr Sa  Su Mo Tu We Th Fr Sa  
          1  2 WE WE                    WE      1  2  3  4 WE WE  
 5  6  7  8  9 WE WE   2  3  4  5  6 WE WE   7  8  9 10 11 WE WE  
12 13 14 15 16 WE WE   9 10 11 12 13 WE WE  14 15 16 17 18 WE WE  
19 20 21 22 23 WE WE  16 17 18 19 20 WE WE  21 22 23 24 25 WE WE  
26 27 28 29 30 WE     23 24 25 26 27 WE WE  28 29 30 31           
                      30                                          
